# new_input_second_segment_with_truncations
# gc = 0.509408, rbs = -1
# self: b
gene_1	1	1237	-	0	10	78.9558	s	1245	1250	0.228599
gene_2	1516	2469	+	0	11	119.991	s	-	-	-
gene_3	2584	3171	+	0	11	54.5132	s	2569	2574	-2.02284
gene_4	3206	3772	-	0	11	75.0169	s	-	-	-
gene_5	3921	4634	-	0	11	64.1646	s	-	-	-
gene_6	4660	5064	-	0	11	35.8343	s	5072	5077	-0.527963
gene_7	5441	7228	+	0	10	235.769	p	-	-	-
